main.c:93:8:Create_Matrix	96	static
main.c:120:8:Multiply	88	static
main.c:147:8:Sum	88	static
main.c:172:8:Minus	88	static
main.c:197:8:Transpose	88	static
main.c:221:8:Inverse	88	static
main.c:246:8:Store	88	static
main.c:298:5:main	304	static
main.c:396:6:SystemClock_Config	88	static
main.c:441:13:MX_TIM1_Init	96	static
main.c:516:13:MX_TIM2_Init	56	static
main.c:565:13:MX_TIM5_Init	32	static
main.c:610:13:MX_USART2_UART_Init	8	static
main.c:643:13:MX_GPIO_Init	48	static
main.c:683:6:Drivemotor	16	static
main.c:707:7:PID_Controller_Innerloop	32	static
main.c:725:7:PID_Controller_Outerloop	32	static
main.c:743:7:KalmanFilter	568	static
main.c:771:6:HAL_TIM_PeriodElapsedCallback	32	static
main.c:837:6:Error_Handler	4	static,ignoring_inline_asm
