../Core/Src/main.c:93:8:Create_Matrix	96	static
../Core/Src/main.c:120:8:Multiply	88	static
../Core/Src/main.c:147:8:Sum	88	static
../Core/Src/main.c:172:8:Minus	88	static
../Core/Src/main.c:197:8:Transpose	88	static
../Core/Src/main.c:221:8:Inverse	88	static
../Core/Src/main.c:246:8:Store	88	static
../Core/Src/main.c:298:5:main	304	static
../Core/Src/main.c:396:6:SystemClock_Config	88	static
../Core/Src/main.c:443:13:MX_TIM1_Init	96	static
../Core/Src/main.c:518:13:MX_TIM2_Init	56	static
../Core/Src/main.c:567:13:MX_TIM5_Init	32	static
../Core/Src/main.c:612:13:MX_USART2_UART_Init	8	static
../Core/Src/main.c:645:13:MX_GPIO_Init	48	static
../Core/Src/main.c:685:6:Drivemotor	16	static
../Core/Src/main.c:709:7:PID_Controller_Innerloop	32	static
../Core/Src/main.c:727:7:PID_Controller_Outerloop	32	static
../Core/Src/main.c:745:7:KalmanFilter	568	static
../Core/Src/main.c:773:6:HAL_TIM_PeriodElapsedCallback	32	static
../Core/Src/main.c:839:6:Error_Handler	4	static,ignoring_inline_asm
